(program
  (let
    (nonrec)
    (termbind
      (strict)
      (vardecl addInteger (fun (con integer) (fun (con integer) (con integer))))
      (builtin addInteger)
    )
    (termbind
      (strict)
      (vardecl addInteger (fun (con integer) (fun (con integer) (con integer))))
      (lam
        x
        (con integer)
        (lam
          y
          (con integer)
          [
            [
              [
                { (builtin trace) (fun (con unit) (con integer)) }
                (con string "entering addInteger")
              ]
              (lam
                thunk
                (con unit)
                [
                  [
                    { (builtin trace) (con integer) }
                    (con string "exiting addInteger")
                  ]
                  [ [ addInteger x ] y ]
                ]
              )
            ]
            (con unit ())
          ]
        )
      )
    )
    addInteger
  )
)