(program
  (let
    (nonrec)
    (datatypebind
      (datatype
        (tyvardecl Maybe (fun (type) (type)))
        (tyvardecl a (type))
        Maybe_match
        (vardecl Just (fun a [ Maybe a ])) (vardecl Nothing [ Maybe a ])
      )
    )
    [
      { Just (con integer) }
      [ [ (builtin addInteger) (con integer 1) ] (con integer 2) ]
    ]
  )
)