ParseErrorB (ParseErrorBundle {bundleErrors = TrivialError 79 (Just (Tokens ('(' :| "lam x "))) (fromList [Tokens ('a' :| "bs"),Tokens ('b' :| "uiltin"),Tokens ('c' :| "on"),Tokens ('e' :| "rror"),Tokens ('i' :| "wrap"),Tokens ('l' :| "am"),Tokens ('l' :| "et"),Tokens ('u' :| "nwrap")]) :| [], bundlePosState = PosState {pstateInput = "(let\n  (nonrec)\n\n  (termbind\n    (strict)\n    (vardecl x (fun Bool Bool))\n    ((lam x Bool x))\n  )\n\n  x\n)\n", pstateOffset = 0, pstateSourcePos = SourcePos {sourceName = "letFun", sourceLine = Pos 1, sourceColumn = Pos 1}, pstateTabWidth = Pos 8, pstateLinePrefix = ""}})