ParseErrorB (ParseErrorBundle {bundleErrors = TrivialError 1 (Just (Tokens ('p' :| "rogram"))) (fromList [Tokens ('a' :| "bs"),Tokens ('b' :| "uiltin"),Tokens ('c' :| "on"),Tokens ('e' :| "rror"),Tokens ('i' :| "wrap"),Tokens ('l' :| "am"),Tokens ('l' :| "et"),Tokens ('u' :| "nwrap")]) :| [], bundlePosState = PosState {pstateInput = "(program\n  (let\n    (nonrec)\n    (datatypebind\n      (datatype\n        (tyvardecl Bool (type))\n\n        Bool_match\n        (vardecl True Bool) (vardecl False Bool)\n      )\n    )\n    (termbind\n      (strict)\n      (vardecl constFun (fun (con integer) (fun Bool (con integer))))\n      (lam x (con integer) (lam y Bool x))\n    )\n    [ [ constFun (con integer 3) ] False ]\n  )\n)", pstateOffset = 0, pstateSourcePos = SourcePos {sourceName = "letFunConst", sourceLine = Pos 1, sourceColumn = Pos 1}, pstateTabWidth = Pos 8, pstateLinePrefix = ""}})