(program
  (let
    (nonrec)
    (termbind
      (strict)
      (vardecl idFun (fun (con integer) (con integer)))
      (lam x (con integer) x)
    )
    (termbind
      (strict)
      (vardecl funApp (fun (con integer) (fun (con integer) (con integer))))
      (lam eta (con integer) (lam eta (con integer) [ idFun eta ]))
    )
    [ [ funApp (con integer 5) ] (con integer 6) ]
  )
)